[sites.google.com/site/drrabhishekkumar.0.delayed]
[sites.google.com/site/drrabhishekkumar/index.html]
[backblue.gif]
[fade.gif]
[index.html]
[ssl.gstatic.com/sites/p/6b8a44/system/app/images/apple-touch-icon.png]
[ssl.gstatic.com/sites/p/6b8a44/system/app/images/cleardot.gif]
[ssl.gstatic.com/sites/p/6b8a44/system/js/trog_edit__en.js]
[sites.google.com/site/drrabhishekkumar/home.html]
[sites.google.com/site/drrabhishekkumar/home/awards-fellowships.html]
[sites.google.com/site/drrabhishekkumar/home/cv.html]
[sites.google.com/site/drrabhishekkumar/home/education.html]
[sites.google.com/site/drrabhishekkumar/home/lebenslauf.html]
[sites.google.com/site/drrabhishekkumar/home/profile.html]
[sites.google.com/site/drrabhishekkumar/bgiseq.html]
[sites.google.com/site/drrabhishekkumar/collaborators.html]
[sites.google.com/site/drrabhishekkumar/contact-me.html]
[sites.google.com/site/drrabhishekkumar/developments.html]
[sites.google.com/site/drrabhishekkumar/developments/comparative-genomics-pipeline.html]
[sites.google.com/site/drrabhishekkumar/developments/pipeline-genetic-variants-and-phylogeny.html]
[sites.google.com/site/drrabhishekkumar/developments/marine-fungal-genomics-pipeline.html]
[sites.google.com/site/drrabhishekkumar/developments/proteogenomics-pipelines.html]
[sites.google.com/site/drrabhishekkumar/developments/insect-genomics-transcriptomics.html]
[sites.google.com/site/drrabhishekkumar/hallmarks-of-genomics-bioinformatics.html]
[sites.google.com/site/drrabhishekkumar/hallmarks-of-genomics-bioinformatics/nanopore.html]
[sites.google.com/site/drrabhishekkumar/job-search.html]
[sites.google.com/site/drrabhishekkumar/job-search/jobs-in-germany.html]
[sites.google.com/site/drrabhishekkumar/list-of.html]
[sites.google.com/site/drrabhishekkumar/living-in-germany.html]
[sites.google.com/site/drrabhishekkumar/living-in-germany/disability-and-life-in-germany.html]
[sites.google.com/site/drrabhishekkumar/management-portfolio.html]
[sites.google.com/site/drrabhishekkumar/press-and-media.html]
[sites.google.com/site/drrabhishekkumar/professional-roles.html]
[sites.google.com/site/drrabhishekkumar/professional-roles/editorial-board-member.html]
[sites.google.com/site/drrabhishekkumar/professional-roles/reviewer.html]
[sites.google.com/site/drrabhishekkumar/professional-roles/scientific-society-membership.html]
[sites.google.com/site/drrabhishekkumar/publications.html]
[sites.google.com/site/drrabhishekkumar/publications/books.html]
[sites.google.com/site/drrabhishekkumar/publications/conference-posters.html]
[sites.google.com/site/drrabhishekkumar/publications/corresponding-author.html]
[sites.google.com/site/drrabhishekkumar/publications/first-author.html]
[sites.google.com/site/drrabhishekkumar/publications/if-wise.html]
[sites.google.com/site/drrabhishekkumar/publications/list-of-posters-presented.html]
[sites.google.com/site/drrabhishekkumar/publications/talks.html]
[sites.google.com/site/drrabhishekkumar/publications/top-publications.html]
[sites.google.com/site/drrabhishekkumar/publications/top-listed.html]
[sites.google.com/site/drrabhishekkumar/publications/year-wise-publication-list.html]
[sites.google.com/site/drrabhishekkumar/research-profile.html]
[sites.google.com/site/drrabhishekkumar/research-profile/junior-research-fellow-ncbs.html]
[sites.google.com/site/drrabhishekkumar/research-profile/msc-biotechnology.html]
[sites.google.com/site/drrabhishekkumar/research-profile/phd-bioinformatics.html]
[sites.google.com/site/drrabhishekkumar/research-profile/research-experiences.html]
[sites.google.com/site/drrabhishekkumar/research-profile/research-interests.html]
[sites.google.com/site/drrabhishekkumar/synteny-tools.html]
[sites.google.com/site/drrabhishekkumar/teaching.html]
[sites.google.com/site/drrabhishekkumar/teaching/python-programming.html]
[sites.google.com/site/drrabhishekkumar/teaching/training-on-reference-management-tools.html]
[sites.google.com/site/drrabhishekkumar/tools-and-softwares.html]
[sites.google.com/site/drrabhishekkumar/tools-and-softwares/all-sanger-tools.html]
[sites.google.com/site/drrabhishekkumar/tools-and-softwares/genetic-variant-analysis-tools.html]
[sites.google.com/site/drrabhishekkumar/tools-and-softwares/genomics-tools.html]
[sites.google.com/site/drrabhishekkumar/tools-and-softwares/missense-variants-ranking.html]
[sites.google.com/site/drrabhishekkumar/tools-and-softwares/regulatory-genomic-tools.html]
[sites.google.com/site/drrabhishekkumar/tools-and-softwares/single-cell-genomics-transcriptomics.html]
[sites.google.com/site/drrabhishekkumar/tools-and-softwares/structural-modelling-of-proteins.html]
[sites.google.com/site/drrabhishekkumar/tools-and-softwares/tools-for-database-id-conversion.html]
[sites.google.com/site/drrabhishekkumar/tools-and-softwares/tools-for-pathway-analyses.html]
[sites.google.com/site/drrabhishekkumar/useful-genomics-bioinformatics-links.html]
[sites.google.com/site/drrabhishekkumar/variant2structure.html]
[sites.google.com/site/drrabhishekkumar/videos.html]
[sites.google.com/site/drrabhishekkumar/system/app/pages/sitemap/hierarchy.html]
[sites.google.com/site/drrabhishekkumar/home/Akumar_CGB.4a6fb5.delayed]
[a1aa4bea-a-62cb3a1a-s-sites.googlegroups.com/site/drrabhishekkumar/home/Akumar_CGB02d5.png]
[sites.google.com/site/drrabhishekkumar/_/rsrc/1533633837608/home/Akumar_CGB.png]
[sites.google.com/site/drrabhishekkumar/home/Abhishek_passport2018.4d6fb5.delayed]
[a1aa4bea-a-62cb3a1a-s-sites.googlegroups.com/site/drrabhishekkumar/home/Abhishek_passport2018f2c2.jpg]
[sites.google.com/site/drrabhishekkumar/_/rsrc/1516274910759/home/Abhishek_passport20180cde.jpg]
[sites.google.com/site/draabhishekkumar/reas/publications/OA2017.506fb5.delayed]
[f742e138-a-62cb3a1a-s-sites.googlegroups.com/site/draabhishekkumar/reas/publications/OA2017deab.png]
[sites.google.com/site/draabhishekkumar/_/rsrc/1492191069757/reas/publications/OA2017.png]
[sites.google.com/site/draabhishekkumar/_/rsrc/1492191438425/reas/publications/highlyaccessed-large.png]
[sites.google.com/site/draabhishekkumar/_/rsrc/1466371648015/reas/publications/LinkedIn.jpg]
[sites.google.com/site/draabhishekkumar/_/rsrc/1466371648016/reas/publications/rg_square.jpg]
[sites.google.com/site/draabhishekkumar/_/rsrc/1466371648015/reas/publications/Google_Scholar_Abhishek2.png]
[sites.google.com/site/draabhishekkumar/_/rsrc/1466371648015/reas/publications/OWWEmblemnew.jpg]
[sites.google.com/site/draabhishekkumar/_/rsrc/1466371648015/reas/publications/Twitter.png]
[sites.google.com/site/draabhishekkumar/_/rsrc/1466371648015/reas/publications/fbook.png]
[sites.google.com/site/drrabhishekkumar/system/app/pages/recentChanges.html]
[sites.google.com/site/drrabhishekkumar/system/app/pages/reportAbuse.html]
[ssl.gstatic.com/sites/p/6b8a44/system/js/jot_min_view__en.js]
[sites.google.com/site/drrabhishekkumar/_/tz.5d.delayed]
[sites.google.com/site/drrabhishekkumar/index.html]
[ssl.gstatic.com/sites/p/6b8a44/system/app/css/codemirror_css.css]
[ssl.gstatic.com/editor/bubble2_tr.gif]
[ssl.gstatic.com/sites/p/6b8a44/system/app/css/trogedit.css]
[sites.google.com/site/drrabhishekkumar/_/rsrc/1550133439000/system/app/images/toolbar-check.gif]
[sites.google.com/site/drrabhishekkumar/_/rsrc/1550133439000/system/app/images/icon-help-kennedy.png]
[sites.google.com/site/sites/system/app/images/icon_plusone.61.delayed]
[accounts.google.com/ServiceLoginc521.html]
[sites.google.com/site/sites/system/app/images/plusbadge.63.delayed]
[accounts.google.com/ServiceLogin263a.html]
[ssl.gstatic.com/images/icons/gplus-64.png]
[ssl.gstatic.com/images/icons/gplus-32.png]
[ssl.gstatic.com/images/icons/gplus-16.png]
[sites.google.com/site/drrabhishekkumar/_/rsrc/1550133439000/system/app/css/editor.css]
[ssl.gstatic.com/sites/p/6b8a44/system/app/css/codeeditor.css]
[ssl.gstatic.com/ui/v1/menu/checkmark-partial.png]
[ssl.gstatic.com/sites/p/6b8a44/system/app/themes/microsport/standard-css-microsport-ltr-ltr.css]
[sites.google.com/site/drrabhishekkumar/_/rsrc/1550133439000/system/app/css/overlay4194.css]
[sites.google.com/site/drrabhishekkumar/_/rsrc/1550133439000/system/app/images/camelot.png]
[sites.google.com/site/drrabhishekkumar/_/rsrc/1550133439000/system/app/css/camelot/allthemes-view.css]
[sites.google.com/site/drrabhishekkumar/home.html]
[sites.google.com/site/drrabhishekkumar/_/rsrc/1533633837608/home/Akumar_CGB.6a6fb5.delayed]
[a1aa4bea-a-62cb3a1a-s-sites.googlegroups.com/site/drrabhishekkumar/home/Akumar_CGB883c.png]
[sites.google.com/site/drrabhishekkumar/home/awards-fellowships.html]
[sites.google.com/site/drrabhishekkumar/home/cv.html]
[sites.google.com/site/drrabhishekkumar/home/education.html]
[sites.google.com/site/drrabhishekkumar/home/lebenslauf.html]
[sites.google.com/site/drrabhishekkumar/home/profile.html]
[sites.google.com/site/drrabhishekkumar/bgiseq.html]
[sites.google.com/site/drrabhishekkumar/collaborators.html]
[sites.google.com/site/draabhishekkumar/_/rsrc/1405339737310/home/Meerespilze-mit-heilenden-Kraeften_ArtikelQuerf17c.jpg]
[sites.google.com/site/drrabhishekkumar/contact-me/Email_ID.6d6fb5.delayed]
[a1aa4bea-a-62cb3a1a-s-sites.googlegroups.com/site/drrabhishekkumar/contact-me/Email_ID0c2e.jpg]
[sites.google.com/site/drrabhishekkumar/_/rsrc/1505562295723/contact-me/Email_ID8cf6.jpg]
[sites.google.com/site/drrabhishekkumar/contact-me.html]
[sites.google.com/site/drrabhishekkumar/developments.html]
[sites.google.com/site/draabhishekkumar/reas/development-of-pipelines/Pipeline11.706fb5.delayed]
[f742e138-a-62cb3a1a-s-sites.googlegroups.com/site/draabhishekkumar/reas/development-of-pipelines/Pipeline11388f.jpg]
[sites.google.com/site/draabhishekkumar/_/rsrc/1466376349727/reas/development-of-pipelines/Pipeline11.jpg]
[sites.google.com/site/drrabhishekkumar/developments/comparative-genomics-pipeline.html]
[sites.google.com/site/draabhishekkumar/reas/development-of-pipelines/pipeline2B150.736fb5.delayed]
[f742e138-a-62cb3a1a-s-sites.googlegroups.com/site/draabhishekkumar/reas/development-of-pipelines/pipeline2B15006dc.png]
[sites.google.com/site/draabhishekkumar/_/rsrc/1466376349728/reas/development-of-pipelines/pipeline2B150.png]
[sites.google.com/site/drrabhishekkumar/developments/pipeline-genetic-variants-and-phylogeny.html]
[sites.google.com/site/draabhishekkumar/reas/development-of-pipelines/marine_pipeline.766fb5.delayed]
[f742e138-a-62cb3a1a-s-sites.googlegroups.com/site/draabhishekkumar/reas/development-of-pipelines/marine_pipelinef54e.jpg]
[sites.google.com/site/draabhishekkumar/_/rsrc/1466376349728/reas/development-of-pipelines/marine_pipeline.jpg]
[sites.google.com/site/drrabhishekkumar/developments/marine-fungal-genomics-pipeline.html]
[sites.google.com/site/drrabhishekkumar/developments/proteogenomics-pipelines.html]
[sites.google.com/site/draabhishekkumar/reas/development-of-pipelines/Transcriptome_pipeline.796fb5.delayed]
[f742e138-a-62cb3a1a-s-sites.googlegroups.com/site/draabhishekkumar/reas/development-of-pipelines/Transcriptome_pipelinee77e.jpg]
[sites.google.com/site/draabhishekkumar/_/rsrc/1466376349727/reas/development-of-pipelines/Transcriptome_pipeline.jpg]
[sites.google.com/site/drrabhishekkumar/developments/insect-genomics-transcriptomics.html]
[sites.google.com/site/drrabhishekkumar/hallmarks-of-genomics-bioinformatics.html]
[sites.google.com/site/drrabhishekkumar/hallmarks-of-genomics-bioinformatics/nanopore.html]
[sites.google.com/site/drrabhishekkumar/job-search.html]
[sites.google.com/site/drrabhishekkumar/job-search/jobs-in-germany.html]
[sites.google.com/site/drrabhishekkumar/list-of.html]
[sites.google.com/site/drrabhishekkumar/living-in-germany.html]
[sites.google.com/site/drrabhishekkumar/living-in-germany/disability-and-life-in-germany.html]
[sites.google.com/site/drrabhishekkumar/management-portfolio.html]
[sites.google.com/site/drrabhishekkumar/living-in-germany/disability-and-life-in-germany/mobility-assistance-for-disables-in-german-railways.html]
[sites.google.com/site/draabhishekkumar/_/rsrc/1405339737310/home/Meerespilze-mit-heilenden-Kraeften_ArtikelQuer.jpg]
[sites.google.com/site/drrabhishekkumar/press-and-media.html]
[sites.google.com/site/drrabhishekkumar/professional-roles.html]
[sites.google.com/site/drrabhishekkumar/professional-roles/editorial-board-member.html]
[sites.google.com/site/drrabhishekkumar/professional-roles/reviewer.html]
[sites.google.com/site/drrabhishekkumar/professional-roles/scientific-society-membership.html]
[sites.google.com/site/draabhishekkumar/reas/goog_1719614932.7e.delayed]
[sites.google.com/site/draabhishekkumar/_/rsrc/1466371648015/reas/publications/BBRCf39d.png]
[sites.google.com/site/draabhishekkumar/_/rsrc/1466371648015/reas/publications/natureprecedings751e.png]
[sites.google.com/site/draabhishekkumar/_/rsrc/1466371648015/reas/publications/BMCEVOLBIO7d02.gif]
[sites.google.com/site/draabhishekkumar/_/rsrc/1466371648015/reas/publications/PLoS_ONE_logo98ba.jpg]
[sites.google.com/site/draabhishekkumar/_/rsrc/1466371648016/reas/publications/plosgenetics1524.jpg]
[sites.google.com/site/drrabhishekkumar/publications.html]
[sites.google.com/site/draabhishekkumar/_/rsrc/1403629134464/home/books/Lists_book2045a.jpg]
[sites.google.com/site/draabhishekkumar/home/books/Lists_book1.856fb5.delayed]
[f742e138-a-62cb3a1a-s-sites.googlegroups.com/site/draabhishekkumar/home/books/Lists_book19c11.jpg]
[sites.google.com/site/draabhishekkumar/_/rsrc/1403629134464/home/books/Lists_book1e8e2.jpg]
[sites.google.com/site/drrabhishekkumar/publications/books.html]
[sites.google.com/site/drrabhishekkumar/publications/conference-posters.html]
[sites.google.com/site/drrabhishekkumar/publications/corresponding-author.html]
[sites.google.com/site/drrabhishekkumar/publications/first-author.html]
[sites.google.com/site/drrabhishekkumar/publications/if-wise.html]
[sites.google.com/site/drrabhishekkumar/publications/list-of-posters-presented.html]
[sites.google.com/site/drrabhishekkumar/publications/talks.html]
[sites.google.com/site/drrabhishekkumar/publications/top-publications.html]
[sites.google.com/site/drrabhishekkumar/publications/top-listed.html]
[sites.google.com/site/drrabhishekkumar/publications/year-wise-publication-list.html]
[sites.google.com/site/drrabhishekkumar/research-profile.html]
[sites.google.com/site/draabhishekkumar/reas/development-of-pipelines/research-experiences/jrf-ncbs/aku10.886fb5.delayed]
[f742e138-a-62cb3a1a-s-sites.googlegroups.com/site/draabhishekkumar/reas/development-of-pipelines/research-experiences/jrf-ncbs/aku10377b.jpg]
[sites.google.com/site/draabhishekkumar/_/rsrc/1466376349731/reas/development-of-pipelines/research-experiences/jrf-ncbs/aku10.jpg]
[sites.google.com/site/akuabhishek/www.ncbs.res.8b.delayed]
[sites.google.com/site/drrabhishekkumar/research-profile/junior-research-fellow-ncbs.html]
[sites.google.com/site/draabhishekkumar/reas/development-of-pipelines/research-experiences/m-sc-biotechnology/aku6.8c6fb5.delayed]
[f742e138-a-62cb3a1a-s-sites.googlegroups.com/site/draabhishekkumar/reas/development-of-pipelines/research-experiences/m-sc-biotechnology/aku6fd7c.jpg]
[sites.google.com/site/draabhishekkumar/_/rsrc/1466376349732/reas/development-of-pipelines/research-experiences/m-sc-biotechnology/aku6.jpg]
[sites.google.com/site/drrabhishekkumar/research-profile/msc-biotechnology.html]
[sites.google.com/site/drrabhishekkumar/research-profile/phd-bioinformatics.html]
[sites.google.com/site/draabhishekkumar/_/rsrc/1466376349730/reas/development-of-pipelines/research-experiences/Graphical_Abstract_porinsf0aa.jpg]
[sites.google.com/site/draabhishekkumar/reas/publications.html]
[www.biomedcentral.com/content/figures/1471-2148-8-250-2-l.92.delayed]
[www.biomedcentral.com/content/figures/1471-2148-9-208-1-l.jpg]
[sites.google.com/site/draabhishekkumar/_/rsrc/1466376349731/reas/development-of-pipelines/research-experiences/journal.pone.0022046.g002cb67.png]
[sites.google.com/site/draabhishekkumar/_/rsrc/1466376349731/reas/development-of-pipelines/research-experiences/journal.pone.0039399.g008ea2d.png]
[sites.google.com/site/draabhishekkumar/reas/development-of-pipelines/research-experiences/Slide1.976fb5.delayed]
[f742e138-a-62cb3a1a-s-sites.googlegroups.com/site/draabhishekkumar/reas/development-of-pipelines/research-experiences/Slide122e7.jpg]
[sites.google.com/site/draabhishekkumar/_/rsrc/1466376349730/reas/development-of-pipelines/research-experiences/Slide1f0aa.jpg]
[sites.google.com/site/draabhishekkumar/_/rsrc/1466376349731/reas/development-of-pipelines/research-experiences/journal.pone.0086012.g0071611.png]
[sites.google.com/site/drrabhishekkumar/research-profile/research-experiences.html]
[sites.google.com/site/drrabhishekkumar/research-profile/research-interests.html]
[sites.google.com/site/drrabhishekkumar/synteny-tools.html]
[sites.google.com/site/drrabhishekkumar/teaching.html]
[ssl.gstatic.com/sites/p/6b8a44/system/app/images/spinner.gif]
[sites.google.com/site/drrabhishekkumar/system/app/pages/admin/revisions.9ccf14.delayed]
[sites.google.com/site/drrabhishekkumar/teaching/python-programming/Primers_python_Bioscientists_PloSCB2016.9d9a1b.delayed]
[sites.google.com/site/drrabhishekkumar/teaching/python-programming.html]
[sites.google.com/site/drrabhishekkumar/teaching/training-on-reference-management-tools/RefWorks.9e6fb5.delayed]
[a1aa4bea-a-62cb3a1a-s-sites.googlegroups.com/site/drrabhishekkumar/teaching/training-on-reference-management-tools/RefWorkseb6e.png]
[sites.google.com/site/drrabhishekkumar/_/rsrc/1508502464774/teaching/training-on-reference-management-tools/RefWorksb517.png]
[lgimages.s3.amazonaws.com/data/imagemanager/29094/zicon.png]
[lgimages.s3.amazonaws.com/data/imagemanager/29094/mendeleyicon.png]
[sites.google.com/site/drrabhishekkumar/teaching/training-on-reference-management-tools/endnoteWeb.a36fb5.delayed]
[a1aa4bea-a-62cb3a1a-s-sites.googlegroups.com/site/drrabhishekkumar/teaching/training-on-reference-management-tools/endnoteWeb79a8.png]
[sites.google.com/site/drrabhishekkumar/_/rsrc/1508502471085/teaching/training-on-reference-management-tools/endnoteWeb7474.png]
[i.ytimg.com/vi/z2WhHJBQeFc/maxresdefault.jpg]
[lgimages.s3.amazonaws.com/data/imagemanager/29094/refman12.gif]
[sites.google.com/site/drrabhishekkumar/teaching/training-on-reference-management-tools/Papers3.a86fb5.delayed]
[a1aa4bea-a-62cb3a1a-s-sites.googlegroups.com/site/drrabhishekkumar/teaching/training-on-reference-management-tools/Papers3c833.png]
[sites.google.com/site/drrabhishekkumar/_/rsrc/1508502629268/teaching/training-on-reference-management-tools/Papers3.png]
[sites.google.com/site/drrabhishekkumar/teaching/training-on-reference-management-tools.html]
[sites.google.com/site/drrabhishekkumar/tools-and-softwares.html]
[sites.google.com/site/drrabhishekkumar/tools-and-softwares/all-sanger-tools.html]
[sites.google.com/site/drrabhishekkumar/tools-and-softwares/genetic-variant-analysis-tools.html]
[sites.google.com/site/drrabhishekkumar/tools-and-softwares/genomics-tools.html]
[sites.google.com/site/drrabhishekkumar/tools-and-softwares/missense-variants-ranking.html]
[sites.google.com/site/drrabhishekkumar/tools-and-softwares/regulatory-genomic-tools.html]
[sites.google.com/site/drrabhishekkumar/tools-and-softwares/single-cell-genomics-transcriptomics.html]
[sites.google.com/site/drrabhishekkumar/tools-and-softwares/structural-modelling-of-proteins.html]
[sites.google.com/site/drrabhishekkumar/tools-and-softwares/tools-for-database-id-conversion.html]
[sites.google.com/site/drrabhishekkumar/tools-and-softwares/tools-for-pathway-analyses.html]
[sites.google.com/site/drrabhishekkumar/useful-genomics-bioinformatics-links.html]
[sites.google.com/site/drrabhishekkumar/variant2structure/G23D-NRAS.ab6fb5.delayed]
[a1aa4bea-a-62cb3a1a-s-sites.googlegroups.com/site/drrabhishekkumar/variant2structure/G23D-NRASbdb1.png]
[sites.google.com/site/drrabhishekkumar/_/rsrc/1511887001733/variant2structure/G23D-NRAS.png]
[sites.google.com/site/drrabhishekkumar/variant2structure.html]
[sites.google.com/site/drrabhishekkumar/videos.html]
[ssl.gstatic.com/sites/p/6b8a44/system/js/jot_min__en.js]
[sites.google.com/site/drrabhishekkumar/system.html]
[sites.google.com/site/drrabhishekkumar/system/app.html]
[sites.google.com/site/drrabhishekkumar/system/app/pages.html]
[sites.google.com/site/drrabhishekkumar/system/app/pages/sitemap/hierarchy.html]
[sites.google.com/site/drrabhishekkumar/system/app/pages/sitemap.html]
[sites.google.com/site/drrabhishekkumar/activity.xml]
[sites.google.com/site/drrabhishekkumar/system/app/pages/recentChanges.html]
[sites.google.com/site/drrabhishekkumar/system/app/pages/recentChanges4c30.html]
[sites.google.com/site/drrabhishekkumar/system/app/pages/reportAbuse.html]
[sites.google.com/site/drrabhishekkumar/_/tz.html]
[ssl.gstatic.com/ui/v1/menu/checkmark.png]
[ssl.gstatic.com/accounts/ui/logo_1x.png]
[ssl.gstatic.com/images/branding/googlelogo/1x/googlelogo_color_112x36dp.png]
[ssl.gstatic.com/accounts/ui/logo_2x.png]
[ssl.gstatic.com/images/branding/googlelogo/2x/googlelogo_color_112x36dp.png]
[ssl.gstatic.com/accounts/ui/wlogostrip_230x17_1x.png]
[ssl.gstatic.com/accounts/ui/wlogostrip_230x17_2x.png]
[ssl.gstatic.com/ui/v1/icons/common/x_8px.png]
[ssl.gstatic.com/accounts/ui/avatar_2x.png]
[accounts.google.com/signin/usernamerecoveryd55a.html]
[accounts.google.com/AccountChooser.c14956.delayed]
[accounts.google.com/ServiceLogin1b79.html]
[accounts.google.com/SignUp04df.html]
[accounts.google.com/TOS.c49ebe.delayed]
[accounts.google.com/TOS.c5e540.delayed]
[ssl.gstatic.com/images/icons/ui/common/universal_language_settings-21.png]
[accounts.google.com/POST.c7.delayed]
[accounts.google.com/GET.c8.delayed]
[accounts.google.com/ServiceLoginc521.html]
[accounts.google.com/signin/usernamerecovery3715.html]
[accounts.google.com/AccountChooser.cacbb6.delayed]
[accounts.google.com/ServiceLogina84b.html]
[accounts.google.com/ServiceLogin263a.html]
[sites.google.com/site/drrabhishekkumar/living-in-germany/disability-and-life-in-germany/mobility-assistance-for-disables-in-german-railways.html]
[sites.google.com/site/draabhishekkumar/reas/goog_1719614932.html]
[sites.google.com/site/akuabhishek/www.ncbs.res.html]
[accounts.google.com/SignUp1a4c.html]
[sites.google.com/site/draabhishekkumar/home.html]
[sites.google.com/site/draabhishekkumar/index.html]
[sites.google.com/site/draabhishekkumar/home/books.html]
[sites.google.com/site/draabhishekkumar/home/collaborators.html]
[sites.google.com/site/draabhishekkumar/home/conference-posters.html]
[sites.google.com/site/draabhishekkumar/home/editor-reviewers.html]
[sites.google.com/site/draabhishekkumar/home/education.html]
[sites.google.com/site/draabhishekkumar/home/german-cv.html]
[sites.google.com/site/draabhishekkumar/home/profile.html]
[sites.google.com/site/draabhishekkumar/reas.html]
[sites.google.com/site/draabhishekkumar/reas/development-of-pipelines.html]
[sites.google.com/site/draabhishekkumar/reas/me.html]
[sites.google.com/site/draabhishekkumar/reas/rese.html]
[sites.google.com/site/draabhishekkumar/reas/research-interests.html]
[sites.google.com/site/draabhishekkumar/system/app/pages/sitemap/hierarchy.html]
[sites.google.com/site/draabhishekkumar/reas/publications/publication-year-wise.html]
[sites.google.com/site/draabhishekkumar/reas/publications/selected_top_publications.html]
[sites.google.com/site/draabhishekkumar/system/app/pages/recentChanges.html]
[sites.google.com/site/draabhishekkumar/system/app/pages/reportAbuse.html]
[sites.google.com/site/draabhishekkumar/_/tz.e5.delayed]
[sites.google.com/site/draabhishekkumar/reas/publications.html]
[www.biomedcentral.com/content/figures/1471-2148-8-250-2-l.html]
[www.biomedcentral.com/content/figures/1471-2148-9-208-1-l.html]
[sites.google.com/site/drrabhishekkumar/system.html]
[sites.google.com/site/drrabhishekkumar/system/app.html]
[sites.google.com/site/drrabhishekkumar/system/app/pages.html]
[sites.google.com/site/drrabhishekkumar/system/app/pages/sitemap.html]
[sites.google.com/site/drrabhishekkumar/system/app/pages/recentChangese164.html]
[sites.google.com/site/drrabhishekkumar/system/app/pages/recentChanges4c30.html]
[sites.google.com/site/drrabhishekkumar/system/app/pages/recentChangesf13c.html]
[sites.google.com/site/drrabhishekkumar/_/rsrc/1550133439000/system/app/images/spinner.gif]
[www.gstatic.com/images/branding/product/1x/atari_24dp.png]
[www.gstatic.com/images/branding/product/1x/sites_24dp.png]
[sites.google.com/site/drrabhishekkumar/_/rsrc/1550133439000/system/app/css/camelot/dashboard.css]
[sites.google.com/site/drrabhishekkumar/_/rsrc/1550133439000/system/app/css/camelot/error.css]
[accounts.google.com/signin/usernamerecoveryd55a.html]
[accounts.google.com/AccountChooser.ecd7eb.delayed]
[accounts.google.com/ServiceLogin1b79.html]
[accounts.google.com/SignUp0016.html]
[ssl.gstatic.com/ui/v1/dialog/close-x.png]
[ssl.gstatic.com/i18n/phonenumbers/phoneinputwidget/flags4.png]
[ssl.gstatic.com/ui/v1/disclosure/grey-disclosure-arrow-up-down.png]
[ssl.gstatic.com/i18n/phonenumbers/phoneinputwidget/phone-input-arrow.png]
[ssl.gstatic.com/accounts/ui/wlogostrip_325x24_1x.png]
[ssl.gstatic.com/accounts/signup/devices_1x.png]
[ssl.gstatic.com/accounts/ui/wlogostrip_325x24_2x.png]
[ssl.gstatic.com/accounts/signup/devices_2x.png]
[ssl.gstatic.com/accounts/ui/refresh_white.png]
[accounts.google.com/ServiceLogin6830.html]
[accounts.google.com/SignUpWithoutGmail0baf.html]
[www.gstatic.com/images/icons/material/system/2x/keyboard_arrow_down_white_24dp.png]
[accounts.google.com/SignUp04df.html]
[accounts.google.com/POST.html]
[accounts.google.com/GET.html]
[accounts.google.com/signin/usernamerecovery3715.html]
[accounts.google.com/signin/recovery5b7e.html]
[accounts.google.com/AccountChooser.100d4c0.delayed]
[accounts.google.com/ServiceLogina84b.html]
[accounts.google.com/ServiceLogind985.html]
[accounts.google.com/SignUpWithoutGmail1395.html]
[accounts.google.com/SignUp1a4c.html]
[accounts.google.com/signin/recovery27cf.html]
[sites.google.com/site/draabhishekkumar/_/rsrc/1550133439000/system/app/images/toolbar-check.gif]
[sites.google.com/site/draabhishekkumar/_/rsrc/1550133439000/system/app/images/icon-help-kennedy.png]
[sites.google.com/site/draabhishekkumar/_/rsrc/1550133439000/system/app/css/editor.css]
[ssl.gstatic.com/sites/p/6b8a44/system/app/themes/solitudecherry/standard-css-solitudecherry-ltr-ltr.css]
[sites.google.com/site/draabhishekkumar/_/rsrc/1550133439000/system/app/css/overlay0006.css]
[sites.google.com/site/draabhishekkumar/_/rsrc/1550133439000/system/app/images/camelot.png]
[sites.google.com/site/draabhishekkumar/_/rsrc/1550133439000/system/app/css/camelot/allthemes-view.css]
[sites.google.com/site/draabhishekkumar/index.html]
[sites.google.com/site/draabhishekkumar/home.html]
[sites.google.com/site/draabhishekkumar/system/app/pages/admin/revisions.10c5fa9.delayed]
[sites.google.com/site/draabhishekkumar/home/books/Lists_book1.10d9a1b.delayed]
[f742e138-a-62cb3a1a-s-sites.googlegroups.com/site/draabhishekkumar/home/books/Lists_book12c65.jpg]
[sites.google.com/site/draabhishekkumar/home/books/Lists_book2.10f6fb5.delayed]
[f742e138-a-62cb3a1a-s-sites.googlegroups.com/site/draabhishekkumar/home/books/Lists_book2687f.jpg]
[sites.google.com/site/draabhishekkumar/system/app/pages/admin/revisions.111b415.delayed]
[sites.google.com/site/draabhishekkumar/home/books/Lists_book2.1129a1b.delayed]
[f742e138-a-62cb3a1a-s-sites.googlegroups.com/site/draabhishekkumar/home/books/Lists_book2125b.jpg]
[sites.google.com/site/draabhishekkumar/home/books.html]
[sites.google.com/site/draabhishekkumar/home/collaborators.html]
[sites.google.com/site/draabhishekkumar/system/app/pages/admin/revisions.114eb65.delayed]
[sites.google.com/site/draabhishekkumar/home/conference-posters/AbhishekKumar_page402_ECFG13Abstract.1159a1b.delayed]
[sites.google.com/site/draabhishekkumar/home/conference-posters.html]
[sites.google.com/site/draabhishekkumar/home/editor-reviewers.html]
[sites.google.com/site/draabhishekkumar/home/education.html]
[sites.google.com/site/draabhishekkumar/home/german-cv.html]
[sites.google.com/site/draabhishekkumar/home/profile.html]
[sites.google.com/site/draabhishekkumar/reas.html]
[sites.google.com/site/draabhishekkumar/reas/development-of-pipelines/Slide1.1166fb5.delayed]
[f742e138-a-62cb3a1a-s-sites.googlegroups.com/site/draabhishekkumar/reas/development-of-pipelines/Slide1b514.jpg]
[sites.google.com/site/draabhishekkumar/_/rsrc/1466376349727/reas/development-of-pipelines/Slide1.jpg]
[sites.google.com/site/draabhishekkumar/reas/development-of-pipelines.html]
[sites.google.com/site/draabhishekkumar/reas/me.html]
[sites.google.com/site/draabhishekkumar/reas/development-of-pipelines/research-experiences.html]
[sites.google.com/site/draabhishekkumar/reas/rese/j.html]
[sites.google.com/site/draabhishekkumar/reas/rese.html]
[sites.google.com/site/draabhishekkumar/reas/research-interests.html]
[sites.google.com/site/draabhishekkumar/reas/rese/m.html]
[sites.google.com/site/draabhishekkumar/system.html]
[sites.google.com/site/draabhishekkumar/system/app.html]
[sites.google.com/site/draabhishekkumar/system/app/pages.html]
[sites.google.com/site/draabhishekkumar/system/app/pages/sitemap/hierarchy.html]
[sites.google.com/site/draabhishekkumar/reas/publications/publication-year-wise.html]
[sites.google.com/site/draabhishekkumar/reas/publications/selected_top_publications.html]
[sites.google.com/site/draabhishekkumar/system/app/pages/sitemap.html]
[sites.google.com/site/draabhishekkumar/activity.xml]
[sites.google.com/site/draabhishekkumar/system/app/pages/recentChanges.html]
[sites.google.com/site/draabhishekkumar/system/app/pages/recentChanges4c30.html]
[sites.google.com/site/draabhishekkumar/system/app/pages/reportAbuse.html]
[sites.google.com/site/draabhishekkumar/_/tz.html]
[sites.google.com/site/drrabhishekkumar/home/Abhishek_protrait2.1246fb5.delayed]
[a1aa4bea-a-62cb3a1a-s-sites.googlegroups.com/site/drrabhishekkumar/home/Abhishek_protrait29159.jpg]
[sites.google.com/site/drrabhishekkumar/system/app/pages/recentChangese164.html]
[sites.google.com/site/drrabhishekkumar/system/app/pages/recentChangesf13c.html]
[docs.google.com/images/env.html]
[sites.google.com/site/drrabhishekkumar/system/app/pages/recentChanges79ee.html]
[accounts.google.com/ServiceLogin898d.html]
[accounts.google.com/SignUp0016.html]
[accounts.google.com/signin/recoveryc957.html]
[accounts.google.com/SignUpWithoutGmailca66.html]
[accounts.google.com/AccountChooser.12d6830.delayed]
[accounts.google.com/ServiceLogin6830.html]
[accounts.google.com/ServiceLogine518.html]
[accounts.google.com/SignUpWithoutGmail0016.html]
[accounts.google.com/SignUpWithoutGmail0baf.html]
[accounts.google.com/signin/recovery5b7e.html]
[accounts.google.com/SignUp0baf.html]
[accounts.google.com/AccountChooser.136d985.delayed]
[accounts.google.com/ServiceLogind985.html]
[accounts.google.com/ServiceLogin0b8f.html]
[accounts.google.com/SignUpWithoutGmail1395.html]
[accounts.google.com/signin/recovery27cf.html]
[accounts.google.com/SignUp1395.html]
[sites.google.com/site/draabhishekkumar/_/rsrc/1404486946796/home/publications/LinkedIn.13e.delayed]
[sites.google.com/site/draabhishekkumar/_/rsrc/1404486942312/home/publications/rg_square.13f.delayed]
[sites.google.com/site/draabhishekkumar/_/rsrc/1404489605763/home/publications/Google_Scholar_Abhishek2.140.delayed]
[sites.google.com/site/draabhishekkumar/_/rsrc/1404491118348/home/publications/OWWEmblemnew.141.delayed]
[sites.google.com/site/draabhishekkumar/_/rsrc/1404488627185/home/publications/Twitter.142.delayed]
[sites.google.com/site/draabhishekkumar/_/rsrc/1404486938732/home/publications/fbook.143.delayed]
[sites.google.com/site/draabhishekkumar/reas/development-of-pipelines/research-experiences/invited-talks.html]
[sites.google.com/site/draabhishekkumar/reas/development-of-pipelines/research-experiences/jrf-ncbs.html]
[sites.google.com/site/draabhishekkumar/reas/development-of-pipelines/research-experiences/memberships.html]
[sites.google.com/site/draabhishekkumar/reas/development-of-pipelines/research-experiences/m-sc-biotechnology.html]
[sites.google.com/site/draabhishekkumar/reas/development-of-pipelines/research-experiences/m-sc-minor-project.html]
[sites.google.com/site/draabhishekkumar/reas/development-of-pipelines/research-experiences.html]
[sites.google.com/site/draabhishekkumar/reas/rese/j.html]
[sites.google.com/site/draabhishekkumar/reas/rese/m.html]
[sites.google.com/site/draabhishekkumar/system.html]
[sites.google.com/site/draabhishekkumar/system/app.html]
[sites.google.com/site/draabhishekkumar/system/app/pages.html]
[sites.google.com/site/draabhishekkumar/system/app/pages/sitemap.html]
[sites.google.com/site/draabhishekkumar/reas/development-of-pipelines/research-experiences/bsc.html]
[sites.google.com/site/draabhishekkumar/reas/publications/highlyaccessed-large.14a6fb5.delayed]
[f742e138-a-62cb3a1a-s-sites.googlegroups.com/site/draabhishekkumar/reas/publications/highlyaccessed-large679a.png]
[sites.google.com/site/draabhishekkumar/system/app/pages/recentChangese164.html]
[sites.google.com/site/draabhishekkumar/system/app/pages/recentChanges4c30.html]
[sites.google.com/site/draabhishekkumar/system/app/pages/recentChangesf13c.html]
[sites.google.com/site/draabhishekkumar/_/rsrc/1550133439000/system/app/images/spinner.gif]
[sites.google.com/site/draabhishekkumar/_/rsrc/1550133439000/system/app/css/camelot/dashboard.css]
[sites.google.com/site/draabhishekkumar/_/rsrc/1550133439000/system/app/css/camelot/error.css]
[sites.google.com/site/drrabhishekkumar/home/CGB2017.14f6fb5.delayed]
[a1aa4bea-a-62cb3a1a-s-sites.googlegroups.com/site/drrabhishekkumar/home/CGB2017db03.png]
[sites.google.com/site/drrabhishekkumar/system/app/pages/recentChanges79ee.html]
[sites.google.com/site/drrabhishekkumar/system/app/pages/recentChanges1206.html]
[accounts.google.com/signin/usernamerecoverye345.html]
[accounts.google.com/AccountChooser.153898d.delayed]
[accounts.google.com/ServiceLogin1326.html]
[accounts.google.com/ServiceLogin898d.html]
[accounts.google.com/SignUpc957.html]
[accounts.google.com/SignUpWithoutGmailca66.html]
[accounts.google.com/signin/recoveryc957.html]
[accounts.google.com/SignUpca66.html]
[accounts.google.com/AccountChooser.15c511f.delayed]
[accounts.google.com/ServiceLogine518.html]
[accounts.google.com/ServiceLogin41c3.html]
[accounts.google.com/SignUpWithoutGmail0016.html]
[accounts.google.com/SignUp0baf.html]
[accounts.google.com/SignUpb2d9.html]
[accounts.google.com/AccountChooser.16766f6.delayed]
[accounts.google.com/ServiceLogin0b8f.html]
[accounts.google.com/SignUp1395.html]
[sites.google.com/site/draabhishekkumar/_/rsrc/1404486946796/home/publications/LinkedIn.html]
[sites.google.com/site/draabhishekkumar/_/rsrc/1404486942312/home/publications/rg_square.html]
[sites.google.com/site/draabhishekkumar/_/rsrc/1404489605763/home/publications/Google_Scholar_Abhishek2.html]
[sites.google.com/site/draabhishekkumar/_/rsrc/1404491118348/home/publications/OWWEmblemnew.html]
[sites.google.com/site/draabhishekkumar/_/rsrc/1404488627185/home/publications/Twitter.html]
[sites.google.com/site/draabhishekkumar/_/rsrc/1404486938732/home/publications/fbook.html]
[sites.google.com/site/draabhishekkumar/reas/development-of-pipelines/research-experiences/invited-talks.html]
[sites.google.com/site/draabhishekkumar/reas/development-of-pipelines/research-experiences/jrf-ncbs.html]
[sites.google.com/site/draabhishekkumar/reas/development-of-pipelines/research-experiences/memberships.html]
[sites.google.com/site/draabhishekkumar/reas/development-of-pipelines/research-experiences/m-sc-biotechnology.html]
[sites.google.com/site/draabhishekkumar/reas/development-of-pipelines/research-experiences/m-sc-minor-project.html]
[sites.google.com/site/draabhishekkumar/reas/development-of-pipelines/research-experiences/bsc.html]
[sites.google.com/site/draabhishekkumar/system/app/pages/recentChangese164.html]
[sites.google.com/site/draabhishekkumar/system/app/pages/recentChangesf13c.html]
[sites.google.com/site/draabhishekkumar/system/app/pages/recentChanges79ee.html]
[sites.google.com/site/drrabhishekkumar/system/app/pages/recentChanges1206.html]
[accounts.google.com/signin/usernamerecoverye345.html]
[sites.google.com/site/drrabhishekkumar/system/app/pages/recentChanges0e37.html]
[accounts.google.com/AccountChooser.16fc913.delayed]
[accounts.google.com/ServiceLogin1326.html]
[accounts.google.com/ServiceLogin6c86.html]
[accounts.google.com/SignUpc957.html]
[accounts.google.com/SignUpca66.html]
[accounts.google.com/SignUpWithoutGmail6ad5.html]
[accounts.google.com/AccountChooser.17a41c3.delayed]
[accounts.google.com/ServiceLogin41c3.html]
[accounts.google.com/SignUpb2d9.html]
[accounts.google.com/SignUpWithoutGmailb2d9.html]
[sites.google.com/site/draabhishekkumar/system/errors/NodeNotFoundb98c.html]
[sites.google.com/site/draabhishekkumar/system/app/pages/recentChanges79ee.html]
[sites.google.com/site/draabhishekkumar/system/app/pages/recentChanges1206.html]
[sites.google.com/site/drrabhishekkumar/system/app/pages/recentChanges0e37.html]
[sites.google.com/site/drrabhishekkumar/system/app/pages/recentChangesbb6e.html]
[accounts.google.com/AccountChooser.1846c86.delayed]
[accounts.google.com/ServiceLogin6c86.html]
[accounts.google.com/SignUpWithoutGmail6ad5.html]
[accounts.google.com/SignUpWithoutGmailb2d9.html]
[sites.google.com/site/draabhishekkumar/system/errors/NodeNotFoundb98c.html]
[accounts.google.com/SignUp6ad5.html]
[sites.google.com/site/draabhishekkumar/reas/publications/openaccess4.18e6fb5.delayed]
[f742e138-a-62cb3a1a-s-sites.googlegroups.com/site/draabhishekkumar/reas/publications/openaccess4e66a.png]
[sites.google.com/site/draabhishekkumar/reas/publications/openaccess3.1906fb5.delayed]
[f742e138-a-62cb3a1a-s-sites.googlegroups.com/site/draabhishekkumar/reas/publications/openaccess3d3f1.png]
[sites.google.com/site/draabhishekkumar/reas/publications/openaccess.1926fb5.delayed]
[f742e138-a-62cb3a1a-s-sites.googlegroups.com/site/draabhishekkumar/reas/publications/openaccessf9cc.png]
[sites.google.com/site/draabhishekkumar/reas/development-of-pipelines/pipeline2B150.1946fb5.delayed]
[f742e138-a-62cb3a1a-s-sites.googlegroups.com/site/draabhishekkumar/reas/development-of-pipelines/pipeline2B150260a.jpg]
[sites.google.com/site/draabhishekkumar/system/app/pages/recentChanges1206.html]
[sites.google.com/site/draabhishekkumar/system/app/pages/recentChanges0e37.html]
[sites.google.com/site/drrabhishekkumar/home/AK_Enlarged.1976fb5.delayed]
[a1aa4bea-a-62cb3a1a-s-sites.googlegroups.com/site/drrabhishekkumar/home/AK_Enlarged1996.jpg]
[sites.google.com/site/drrabhishekkumar/system/app/pages/recentChangesbb6e.html]
[accounts.google.com/SignUp6ad5.html]
[sites.google.com/site/drrabhishekkumar/system/app/pages/recentChanges7880.html]
[sites.google.com/site/draabhishekkumar/home/conference-posters/AbhishekKumar_page402_ECFG13Abstract.19d6fb5.delayed]
[sites.google.com/site/draabhishekkumar/home/german-cv/DrAbhishekKumar.19e6fb5.delayed]
[f742e138-a-62cb3a1a-s-sites.googlegroups.com/site/draabhishekkumar/home/german-cv/DrAbhishekKumar820f.jpg]
[sites.google.com/site/draabhishekkumar/home/german-cv/DrAbhishekKumar_card.1a06fb5.delayed]
[f742e138-a-62cb3a1a-s-sites.googlegroups.com/site/draabhishekkumar/home/german-cv/DrAbhishekKumar_card8750.jpg]
[sites.google.com/site/draabhishekkumar/system/app/pages/recentChanges0e37.html]
[sites.google.com/site/draabhishekkumar/system/app/pages/recentChangesbb6e.html]
[sites.google.com/site/drrabhishekkumar/teaching/python-programming/Primers_python_Bioscientists_PloSCB2016.1a36fb5.delayed]
[sites.google.com/site/drrabhishekkumar/system/app/pages/recentChanges7880.html]
[sites.google.com/site/drrabhishekkumar/system/app/pages/recentChanges1902.html]
[sites.google.com/site/draabhishekkumar/system/app/pages/recentChangesbb6e.html]
[sites.google.com/site/draabhishekkumar/system/app/pages/recentChanges7880.html]
[sites.google.com/site/drrabhishekkumar/system/app/pages/recentChanges1902.html]
[sites.google.com/site/drrabhishekkumar/system/app/pages/recentChangesbd62.html]
[sites.google.com/site/draabhishekkumar/reas/development-of-pipelines/research-experiences/Graphical_Abstract_porins.1a76fb5.delayed]
[f742e138-a-62cb3a1a-s-sites.googlegroups.com/site/draabhishekkumar/reas/development-of-pipelines/research-experiences/Graphical_Abstract_porinseb81.jpg]
[sites.google.com/site/draabhishekkumar/system/app/pages/recentChanges7880.html]
[sites.google.com/site/draabhishekkumar/system/app/pages/recentChanges1902.html]
[sites.google.com/site/drrabhishekkumar/system/errors/NodeNotFoundce90.html]
[sites.google.com/site/drrabhishekkumar/system/app/pages/recentChangesbd62.html]
[sites.google.com/site/drrabhishekkumar/system/app/pages/recentChanges4e41.html]
[sites.google.com/site/draabhishekkumar/reas/publications/BMCEVOLBIO.1ac6fb5.delayed]
[f742e138-a-62cb3a1a-s-sites.googlegroups.com/site/draabhishekkumar/reas/publications/BMCEVOLBIO4947.gif]
[sites.google.com/site/draabhishekkumar/reas/publications/natureprecedings.1ae6fb5.delayed]
[f742e138-a-62cb3a1a-s-sites.googlegroups.com/site/draabhishekkumar/reas/publications/natureprecedings9b2d.png]
[sites.google.com/site/draabhishekkumar/reas/publications/PLoS_ONE_logo.1b06fb5.delayed]
[f742e138-a-62cb3a1a-s-sites.googlegroups.com/site/draabhishekkumar/reas/publications/PLoS_ONE_logo906a.jpg]
[sites.google.com/site/draabhishekkumar/reas/publications/BBRC.1b26fb5.delayed]
[f742e138-a-62cb3a1a-s-sites.googlegroups.com/site/draabhishekkumar/reas/publications/BBRCd8d2.png]
[sites.google.com/site/draabhishekkumar/reas/publications/plosgenetics.1b46fb5.delayed]
[f742e138-a-62cb3a1a-s-sites.googlegroups.com/site/draabhishekkumar/reas/publications/plosgenetics69f0.jpg]
[sites.google.com/site/draabhishekkumar/home/Meerespilze-mit-heilenden-Kraeften_ArtikelQuer.1b66fb5.delayed]
[f742e138-a-62cb3a1a-s-sites.googlegroups.com/site/draabhishekkumar/home/Meerespilze-mit-heilenden-Kraeften_ArtikelQuerdeb8.jpg]
[sites.google.com/site/draabhishekkumar/system/app/pages/recentChanges1902.html]
[sites.google.com/site/drrabhishekkumar/system/errors/NodeNotFoundce90.html]
[sites.google.com/site/draabhishekkumar/system/app/pages/recentChangesbd62.html]
[sites.google.com/site/drrabhishekkumar/system/errors/NodeNotFound1acd.html]
[sites.google.com/site/drrabhishekkumar/system/errors/NodeNotFound1485.html]
[sites.google.com/site/drrabhishekkumar/system/errors/NodeNotFoundfbe4.html]
[sites.google.com/site/drrabhishekkumar/system/errors/NodeNotFound56bc.html]
[sites.google.com/site/drrabhishekkumar/system/errors/NodeNotFound91d0.html]
[sites.google.com/site/drrabhishekkumar/system/app/pages/recentChanges4e41.html]
[sites.google.com/site/drrabhishekkumar/system/app/pages/recentChangesffc0.html]
[sites.google.com/site/draabhishekkumar/system/app/pages/recentChangesbd62.html]
[sites.google.com/site/drrabhishekkumar/system/errors/NodeNotFound1acd.html]
[sites.google.com/site/drrabhishekkumar/system/errors/NodeNotFound1485.html]
[sites.google.com/site/drrabhishekkumar/system/errors/NodeNotFoundfbe4.html]
[sites.google.com/site/drrabhishekkumar/system/errors/NodeNotFound56bc.html]
[sites.google.com/site/drrabhishekkumar/system/errors/NodeNotFound91d0.html]
[sites.google.com/site/draabhishekkumar/system/app/pages/recentChanges4e41.html]
[sites.google.com/site/drrabhishekkumar/system/errors/NodeNotFound1975.html]
[sites.google.com/site/drrabhishekkumar/system/errors/NodeNotFoundf4f8.html]
[sites.google.com/site/drrabhishekkumar/system/app/pages/recentChangesffc0.html]
[sites.google.com/site/drrabhishekkumar/system/app/pages/recentChanges5585.html]
[sites.google.com/site/draabhishekkumar/reas/publications/OWWEmblemnew.1c36fb5.delayed]
[f742e138-a-62cb3a1a-s-sites.googlegroups.com/site/draabhishekkumar/reas/publications/OWWEmblemnew1f54.jpg]
[sites.google.com/site/draabhishekkumar/reas/publications/OWWEmblem.1c56fb5.delayed]
[f742e138-a-62cb3a1a-s-sites.googlegroups.com/site/draabhishekkumar/reas/publications/OWWEmblem0686.png]
[sites.google.com/site/draabhishekkumar/reas/publications/CirEmblemHandwriteLogo2.1c76fb5.delayed]
[f742e138-a-62cb3a1a-s-sites.googlegroups.com/site/draabhishekkumar/reas/publications/CirEmblemHandwriteLogo204dd.png]
[sites.google.com/site/draabhishekkumar/reas/publications/Google_Scholar_Abhishek2.1c96fb5.delayed]
[f742e138-a-62cb3a1a-s-sites.googlegroups.com/site/draabhishekkumar/reas/publications/Google_Scholar_Abhishek2d7da.png]
[sites.google.com/site/draabhishekkumar/reas/publications/Google_Scholar_Abhishek.1cb6fb5.delayed]
[f742e138-a-62cb3a1a-s-sites.googlegroups.com/site/draabhishekkumar/reas/publications/Google_Scholar_Abhishek9121.png]
[sites.google.com/site/draabhishekkumar/reas/publications/Twitter.1cd6fb5.delayed]
[f742e138-a-62cb3a1a-s-sites.googlegroups.com/site/draabhishekkumar/reas/publications/Twitterb0b0.png]
[sites.google.com/site/draabhishekkumar/system/app/pages/recentChanges4e41.html]
[sites.google.com/site/drrabhishekkumar/system/errors/NodeNotFound1975.html]
[sites.google.com/site/drrabhishekkumar/system/errors/NodeNotFoundf4f8.html]
[sites.google.com/site/draabhishekkumar/system/app/pages/recentChangesffc0.html]
[sites.google.com/site/drrabhishekkumar/system/errors/NodeNotFound1342.html]
[sites.google.com/site/drrabhishekkumar/system/errors/NodeNotFound19ef.html]
[sites.google.com/site/drrabhishekkumar/system/app/pages/recentChanges5585.html]
[sites.google.com/site/drrabhishekkumar/system/app/pages/recentChangesbad8.html]
[sites.google.com/site/draabhishekkumar/reas/publications/OWWEmblem2.1d36fb5.delayed]
[f742e138-a-62cb3a1a-s-sites.googlegroups.com/site/draabhishekkumar/reas/publications/OWWEmblem2478a.png]
[sites.google.com/site/draabhishekkumar/reas/publications/Google_Scholar.1d56fb5.delayed]
[f742e138-a-62cb3a1a-s-sites.googlegroups.com/site/draabhishekkumar/reas/publications/Google_Scholar6f53.png]
[sites.google.com/site/draabhishekkumar/reas/publications/images.1d76fb5.delayed]
[f742e138-a-62cb3a1a-s-sites.googlegroups.com/site/draabhishekkumar/reas/publications/images4cf9.jpg]
[sites.google.com/site/draabhishekkumar/reas/publications/LinkedIn.1d96fb5.delayed]
[f742e138-a-62cb3a1a-s-sites.googlegroups.com/site/draabhishekkumar/reas/publications/LinkedIna828.jpg]
[sites.google.com/site/draabhishekkumar/reas/publications/rg_square.1db6fb5.delayed]
[f742e138-a-62cb3a1a-s-sites.googlegroups.com/site/draabhishekkumar/reas/publications/rg_squarea497.jpg]
[sites.google.com/site/draabhishekkumar/reas/publications/fbook.1dd6fb5.delayed]
[f742e138-a-62cb3a1a-s-sites.googlegroups.com/site/draabhishekkumar/reas/publications/fbookc727.png]
[sites.google.com/site/draabhishekkumar/reas/publications/Google_Scholar.1df6fb5.delayed]
[f742e138-a-62cb3a1a-s-sites.googlegroups.com/site/draabhishekkumar/reas/publications/Google_Scholar8e19.gif]
[sites.google.com/site/draabhishekkumar/reas/publications/openaccess-large.1e16fb5.delayed]
[f742e138-a-62cb3a1a-s-sites.googlegroups.com/site/draabhishekkumar/reas/publications/openaccess-large4e6d.png]
[sites.google.com/site/draabhishekkumar/system/app/pages/recentChangesffc0.html]
[sites.google.com/site/drrabhishekkumar/system/errors/NodeNotFound1342.html]
[sites.google.com/site/drrabhishekkumar/system/errors/NodeNotFound19ef.html]
[sites.google.com/site/draabhishekkumar/system/app/pages/recentChanges5585.html]
[sites.google.com/site/drrabhishekkumar/system/app/pages/recentChangesbad8.html]
[sites.google.com/site/drrabhishekkumar/system/errors/NodeNotFounde5f4.html]
[sites.google.com/site/draabhishekkumar/home/DrAbhishekKumar.1e56fb5.delayed]
[f742e138-a-62cb3a1a-s-sites.googlegroups.com/site/draabhishekkumar/home/DrAbhishekKumar638b.jpg]
[sites.google.com/site/draabhishekkumar/system/errors/NodeNotFound8a87.html]
[sites.google.com/site/draabhishekkumar/system/errors/NodeNotFound5ffb.html]
[sites.google.com/site/draabhishekkumar/system/app/pages/recentChanges5585.html]
[sites.google.com/site/drrabhishekkumar/system/errors/NodeNotFounde5f4.html]
[sites.google.com/site/draabhishekkumar/system/errors/NodeNotFound8a87.html]
[sites.google.com/site/draabhishekkumar/system/errors/NodeNotFound5ffb.html]
[sites.google.com/site/draabhishekkumar/system/app/pages/recentChangesbad8.html]
[sites.google.com/site/draabhishekkumar/reas/development-of-pipelines/research-experiences/journal.pone.0039399.g008.1ea6fb5.delayed]
[f742e138-a-62cb3a1a-s-sites.googlegroups.com/site/draabhishekkumar/reas/development-of-pipelines/research-experiences/journal.pone.0039399.g0081b1e.png]
[sites.google.com/site/draabhishekkumar/reas/development-of-pipelines/research-experiences/journal.pone.0022046.g002.1ec6fb5.delayed]
[f742e138-a-62cb3a1a-s-sites.googlegroups.com/site/draabhishekkumar/reas/development-of-pipelines/research-experiences/journal.pone.0022046.g002b374.png]
[sites.google.com/site/draabhishekkumar/reas/development-of-pipelines/research-experiences/journal.pone.0086012.g007.1ee6fb5.delayed]
[f742e138-a-62cb3a1a-s-sites.googlegroups.com/site/draabhishekkumar/reas/development-of-pipelines/research-experiences/journal.pone.0086012.g0070599.png]
[sites.google.com/site/draabhishekkumar/reas/development-of-pipelines/research-experiences/Fig_graphical_abstract_HCII.1f06fb5.delayed]
[f742e138-a-62cb3a1a-s-sites.googlegroups.com/site/draabhishekkumar/reas/development-of-pipelines/research-experiences/Fig_graphical_abstract_HCIIad2b.jpg]
[sites.google.com/site/draabhishekkumar/system/app/pages/recentChangesbad8.html]
[sites.google.com/site/draabhishekkumar/system/app/pages/recentChangesd889.html]
[sites.google.com/site/draabhishekkumar/system/app/pages/recentChangesd889.html]
[sites.google.com/site/draabhishekkumar/system/app/pages/recentChangese0dd.html]
[sites.google.com/site/draabhishekkumar/system/errors/NodeNotFound71e9.html]
[sites.google.com/site/draabhishekkumar/system/app/pages/recentChangese0dd.html]
[sites.google.com/site/draabhishekkumar/system/errors/NodeNotFound71e9.html]
[sites.google.com/site/draabhishekkumar/system/errors/NodeNotFoundc9fb.html]
[sites.google.com/site/draabhishekkumar/system/errors/NodeNotFoundc9fb.html]
